// Jest Snapshot v1, https://goo.gl/fbAQLP

exports[`<Companies /> renders list of company links 1`] = `
<Fragment>
  <div>
    Your companies
  </div>
  <MenuItem
    key="1"
    onClick={[Function]}
    render={[Function]}
  />
  <MenuItem
    key="2"
    onClick={[Function]}
    render={[Function]}
  />
</Fragment>
`;
