// Jest Snapshot v1, https://goo.gl/fbAQLP

exports[`<MenuLink /> renders link 1`] = `
<MenuItem
  aria-label="Call me"
  className="menuLink"
  onClick={[Function]}
  render={[Function]}
>
  <i
    className="material-icons icon"
  >
    phone
  </i>
  <span
    className="label"
  >
    Call me
  </span>
</MenuItem>
`;
